Archive member included to satisfy reference by file (symbol)

.\CortexM0\ARM_GCC_541\Debug\RGB_LCD.a(SPI_Master.o)
                              .\CortexM0\ARM_GCC_541\Debug\main.o (SPI_Master_Start)
.\CortexM0\ARM_GCC_541\Debug\RGB_LCD.a(SPI_Master_SPI_UART.o)
                              .\CortexM0\ARM_GCC_541\Debug\lcd_ili9163.o (SPI_Master_SpiUartGetRxBufferSize)
.\CortexM0\ARM_GCC_541\Debug\RGB_LCD.a(SPI_Master_SPI.o)
                              .\CortexM0\ARM_GCC_541\Debug\RGB_LCD.a(SPI_Master.o) (SPI_Master_SpiPostEnable)
.\CortexM0\ARM_GCC_541\Debug\RGB_LCD.a(LCD_DC.o)
                              .\CortexM0\ARM_GCC_541\Debug\lcd_ili9163.o (LCD_DC_Write)
.\CortexM0\ARM_GCC_541\Debug\RGB_LCD.a(LCD_Reset.o)
                              .\CortexM0\ARM_GCC_541\Debug\lcd_ili9163.o (LCD_Reset_Write)
.\CortexM0\ARM_GCC_541\Debug\RGB_LCD.a(CyLib.o)
                              .\CortexM0\ARM_GCC_541\Debug\cyfitter_cfg.o (CyIntEnable)
.\CortexM0\ARM_GCC_541\Debug\RGB_LCD.a(CyLFClk.o)
                              .\CortexM0\ARM_GCC_541\Debug\cyfitter_cfg.o (CySysClkWcoStart)
.\CortexM0\ARM_GCC_541\Debug\RGB_LCD.a(SPI_Master_sclk_m.o)
                              .\CortexM0\ARM_GCC_541\Debug\RGB_LCD.a(SPI_Master_SPI.o) (SPI_Master_sclk_m_Write)
.\CortexM0\ARM_GCC_541\Debug\RGB_LCD.a(SPI_Master_ss0_m.o)
                              .\CortexM0\ARM_GCC_541\Debug\RGB_LCD.a(SPI_Master_SPI.o) (SPI_Master_ss0_m_Write)
.\CortexM0\ARM_GCC_541\Debug\RGB_LCD.a(CyBootAsmGnu.o)
                              .\CortexM0\ARM_GCC_541\Debug\cyfitter_cfg.o (CyDelayCycles)
c:/program files (x86)/cypress/psoc creator/4.1/psoc creator/import/gnu/arm/5.4.1/bin/../lib/gcc/arm-none-eabi/5.4.1/armv6-m\libgcc.a(_udivsi3.o)
                              .\CortexM0\ARM_GCC_541\Debug\RGB_LCD.a(CyLib.o) (__aeabi_uidiv)
c:/program files (x86)/cypress/psoc creator/4.1/psoc creator/import/gnu/arm/5.4.1/bin/../lib/gcc/arm-none-eabi/5.4.1/armv6-m\libgcc.a(_divsi3.o)
                              .\CortexM0\ARM_GCC_541\Debug\RGB_LCD.a(CyLFClk.o) (__aeabi_idiv)
c:/program files (x86)/cypress/psoc creator/4.1/psoc creator/import/gnu/arm/5.4.1/bin/../lib/gcc/arm-none-eabi/5.4.1/armv6-m\libgcc.a(_dvmd_tls.o)
                              c:/program files (x86)/cypress/psoc creator/4.1/psoc creator/import/gnu/arm/5.4.1/bin/../lib/gcc/arm-none-eabi/5.4.1/armv6-m\libgcc.a(_udivsi3.o) (__aeabi_idiv0)
c:/program files (x86)/cypress/psoc creator/4.1/psoc creator/import/gnu/arm/5.4.1/bin/../lib/gcc/arm-none-eabi/5.4.1/../../../../arm-none-eabi/lib/armv6-m\libg_nano.a(lib_a-errno.o)
                              .\CortexM0\ARM_GCC_541\Debug\Cm0Start.o (__errno)
c:/program files (x86)/cypress/psoc creator/4.1/psoc creator/import/gnu/arm/5.4.1/bin/../lib/gcc/arm-none-eabi/5.4.1/../../../../arm-none-eabi/lib/armv6-m\libg_nano.a(lib_a-exit.o)
                              c:/program files (x86)/cypress/psoc creator/4.1/psoc creator/import/gnu/arm/5.4.1/bin/../lib/gcc/arm-none-eabi/5.4.1/../../../../arm-none-eabi/lib/armv6-m/crt0.o (exit)
c:/program files (x86)/cypress/psoc creator/4.1/psoc creator/import/gnu/arm/5.4.1/bin/../lib/gcc/arm-none-eabi/5.4.1/../../../../arm-none-eabi/lib/armv6-m\libg_nano.a(lib_a-impure.o)
                              c:/program files (x86)/cypress/psoc creator/4.1/psoc creator/import/gnu/arm/5.4.1/bin/../lib/gcc/arm-none-eabi/5.4.1/../../../../arm-none-eabi/lib/armv6-m\libg_nano.a(lib_a-exit.o) (_global_impure_ptr)
c:/program files (x86)/cypress/psoc creator/4.1/psoc creator/import/gnu/arm/5.4.1/bin/../lib/gcc/arm-none-eabi/5.4.1/../../../../arm-none-eabi/lib/armv6-m\libg_nano.a(lib_a-init.o)
                              c:/program files (x86)/cypress/psoc creator/4.1/psoc creator/import/gnu/arm/5.4.1/bin/../lib/gcc/arm-none-eabi/5.4.1/../../../../arm-none-eabi/lib/armv6-m/crt0.o (__libc_init_array)
c:/program files (x86)/cypress/psoc creator/4.1/psoc creator/import/gnu/arm/5.4.1/bin/../lib/gcc/arm-none-eabi/5.4.1/../../../../arm-none-eabi/lib/armv6-m\libg_nano.a(lib_a-memset.o)
                              c:/program files (x86)/cypress/psoc creator/4.1/psoc creator/import/gnu/arm/5.4.1/bin/../lib/gcc/arm-none-eabi/5.4.1/../../../../arm-none-eabi/lib/armv6-m/crt0.o (memset)

Discarded input sections

 .text          0x00000000        0x0 c:/program files (x86)/cypress/psoc creator/4.1/psoc creator/import/gnu/arm/5.4.1/bin/../lib/gcc/arm-none-eabi/5.4.1/armv6-m/crti.o
 .data          0x00000000        0x0 c:/program files (x86)/cypress/psoc creator/4.1/psoc creator/import/gnu/arm/5.4.1/bin/../lib/gcc/arm-none-eabi/5.4.1/armv6-m/crti.o
 .bss           0x00000000        0x0 c:/program files (x86)/cypress/psoc creator/4.1/psoc creator/import/gnu/arm/5.4.1/bin/../lib/gcc/arm-none-eabi/5.4.1/armv6-m/crti.o
 .data          0x00000000        0x4 c:/program files (x86)/cypress/psoc creator/4.1/psoc creator/import/gnu/arm/5.4.1/bin/../lib/gcc/arm-none-eabi/5.4.1/armv6-m/crtbegin.o
 .text          0x00000000       0x78 c:/program files (x86)/cypress/psoc creator/4.1/psoc creator/import/gnu/arm/5.4.1/bin/../lib/gcc/arm-none-eabi/5.4.1/../../../../arm-none-eabi/lib/armv6-m/crt0.o
 .data          0x00000000        0x0 c:/program files (x86)/cypress/psoc creator/4.1/psoc creator/import/gnu/arm/5.4.1/bin/../lib/gcc/arm-none-eabi/5.4.1/../../../../arm-none-eabi/lib/armv6-m/crt0.o
 .bss           0x00000000        0x0 c:/program files (x86)/cypress/psoc creator/4.1/psoc creator/import/gnu/arm/5.4.1/bin/../lib/gcc/arm-none-eabi/5.4.1/../../../../arm-none-eabi/lib/armv6-m/crt0.o
 .ARM.extab     0x00000000        0x0 c:/program files (x86)/cypress/psoc creator/4.1/psoc creator/import/gnu/arm/5.4.1/bin/../lib/gcc/arm-none-eabi/5.4.1/../../../../arm-none-eabi/lib/armv6-m/crt0.o
 .ARM.exidx     0x00000000        0x8 c:/program files (x86)/cypress/psoc creator/4.1/psoc creator/import/gnu/arm/5.4.1/bin/../lib/gcc/arm-none-eabi/5.4.1/../../../../arm-none-eabi/lib/armv6-m/crt0.o
 .text          0x00000000        0x0 .\CortexM0\ARM_GCC_541\Debug\main.o
 .data          0x00000000        0x0 .\CortexM0\ARM_GCC_541\Debug\main.o
 .bss           0x00000000        0x0 .\CortexM0\ARM_GCC_541\Debug\main.o
 .text          0x00000000        0x0 .\CortexM0\ARM_GCC_541\Debug\lcd_ili9163.o
 .data          0x00000000        0x0 .\CortexM0\ARM_GCC_541\Debug\lcd_ili9163.o
 .bss           0x00000000        0x0 .\CortexM0\ARM_GCC_541\Debug\lcd_ili9163.o
 .text.lcd_drawPixel
                0x00000000       0x24 .\CortexM0\ARM_GCC_541\Debug\lcd_ili9163.o
 .text.lcd_setArea
                0x00000000       0x80 .\CortexM0\ARM_GCC_541\Debug\lcd_ili9163.o
 .text          0x00000000        0x0 .\CortexM0\ARM_GCC_541\Debug\cyfitter_cfg.o
 .data          0x00000000        0x0 .\CortexM0\ARM_GCC_541\Debug\cyfitter_cfg.o
 .bss           0x00000000        0x0 .\CortexM0\ARM_GCC_541\Debug\cyfitter_cfg.o
 .text          0x00000000        0x0 .\CortexM0\ARM_GCC_541\Debug\cymetadata.o
 .data          0x00000000        0x0 .\CortexM0\ARM_GCC_541\Debug\cymetadata.o
 .bss           0x00000000        0x0 .\CortexM0\ARM_GCC_541\Debug\cymetadata.o
 .text          0x00000000        0x0 .\CortexM0\ARM_GCC_541\Debug\Cm0Start.o
 .data          0x00000000        0x4 .\CortexM0\ARM_GCC_541\Debug\Cm0Start.o
 .bss           0x00000000        0x0 .\CortexM0\ARM_GCC_541\Debug\Cm0Start.o
 .text._exit    0x00000000        0xc .\CortexM0\ARM_GCC_541\Debug\Cm0Start.o
 .text._sbrk    0x00000000       0x30 .\CortexM0\ARM_GCC_541\Debug\Cm0Start.o
 .text          0x00000000        0x0 .\CortexM0\ARM_GCC_541\Debug\RGB_LCD.a(SPI_Master.o)
 .data          0x00000000        0x0 .\CortexM0\ARM_GCC_541\Debug\RGB_LCD.a(SPI_Master.o)
 .text.SPI_Master_ScbModeStop
                0x00000000        0x8 .\CortexM0\ARM_GCC_541\Debug\RGB_LCD.a(SPI_Master.o)
 .text.SPI_Master_Stop
                0x00000000       0x20 .\CortexM0\ARM_GCC_541\Debug\RGB_LCD.a(SPI_Master.o)
 .text.SPI_Master_SetRxFifoLevel
                0x00000000       0x14 .\CortexM0\ARM_GCC_541\Debug\RGB_LCD.a(SPI_Master.o)
 .text.SPI_Master_SetTxFifoLevel
                0x00000000       0x14 .\CortexM0\ARM_GCC_541\Debug\RGB_LCD.a(SPI_Master.o)
 .text          0x00000000        0x0 .\CortexM0\ARM_GCC_541\Debug\RGB_LCD.a(SPI_Master_SPI_UART.o)
 .data          0x00000000        0x0 .\CortexM0\ARM_GCC_541\Debug\RGB_LCD.a(SPI_Master_SPI_UART.o)
 .bss           0x00000000        0x0 .\CortexM0\ARM_GCC_541\Debug\RGB_LCD.a(SPI_Master_SPI_UART.o)
 .text.SPI_Master_SpiUartReadRxData
                0x00000000        0xc .\CortexM0\ARM_GCC_541\Debug\RGB_LCD.a(SPI_Master_SPI_UART.o)
 .text.SPI_Master_SpiUartPutArray
                0x00000000       0x18 .\CortexM0\ARM_GCC_541\Debug\RGB_LCD.a(SPI_Master_SPI_UART.o)
 .text.SPI_Master_SpiUartGetTxBufferSize
                0x00000000       0x10 .\CortexM0\ARM_GCC_541\Debug\RGB_LCD.a(SPI_Master_SPI_UART.o)
 .text.SPI_Master_SpiUartClearTxBuffer
                0x00000000       0x20 .\CortexM0\ARM_GCC_541\Debug\RGB_LCD.a(SPI_Master_SPI_UART.o)
 .text.SPI_Master_SpiUartDisableIntRx
                0x00000000       0x10 .\CortexM0\ARM_GCC_541\Debug\RGB_LCD.a(SPI_Master_SPI_UART.o)
 .text.SPI_Master_SpiUartDisableIntTx
                0x00000000       0x10 .\CortexM0\ARM_GCC_541\Debug\RGB_LCD.a(SPI_Master_SPI_UART.o)
 .text          0x00000000        0x0 .\CortexM0\ARM_GCC_541\Debug\RGB_LCD.a(SPI_Master_SPI.o)
 .data          0x00000000        0x0 .\CortexM0\ARM_GCC_541\Debug\RGB_LCD.a(SPI_Master_SPI.o)
 .bss           0x00000000        0x0 .\CortexM0\ARM_GCC_541\Debug\RGB_LCD.a(SPI_Master_SPI.o)
 .text.SPI_Master_SpiStop
                0x00000000       0x5c .\CortexM0\ARM_GCC_541\Debug\RGB_LCD.a(SPI_Master_SPI.o)
 .text.SPI_Master_SpiSetSlaveSelectPolarity
                0x00000000       0x28 .\CortexM0\ARM_GCC_541\Debug\RGB_LCD.a(SPI_Master_SPI.o)
 .text          0x00000000        0x0 .\CortexM0\ARM_GCC_541\Debug\RGB_LCD.a(LCD_DC.o)
 .data          0x00000000        0x0 .\CortexM0\ARM_GCC_541\Debug\RGB_LCD.a(LCD_DC.o)
 .bss           0x00000000        0x0 .\CortexM0\ARM_GCC_541\Debug\RGB_LCD.a(LCD_DC.o)
 .text.LCD_DC_SetDriveMode
                0x00000000       0x14 .\CortexM0\ARM_GCC_541\Debug\RGB_LCD.a(LCD_DC.o)
 .text.LCD_DC_Read
                0x00000000       0x10 .\CortexM0\ARM_GCC_541\Debug\RGB_LCD.a(LCD_DC.o)
 .text.LCD_DC_ReadDataReg
                0x00000000       0x10 .\CortexM0\ARM_GCC_541\Debug\RGB_LCD.a(LCD_DC.o)
 .text.LCD_DC_SetInterruptMode
                0x00000000       0x14 .\CortexM0\ARM_GCC_541\Debug\RGB_LCD.a(LCD_DC.o)
 .text.LCD_DC_ClearInterrupt
                0x00000000       0x10 .\CortexM0\ARM_GCC_541\Debug\RGB_LCD.a(LCD_DC.o)
 .text          0x00000000        0x0 .\CortexM0\ARM_GCC_541\Debug\RGB_LCD.a(LCD_Reset.o)
 .data          0x00000000        0x0 .\CortexM0\ARM_GCC_541\Debug\RGB_LCD.a(LCD_Reset.o)
 .bss           0x00000000        0x0 .\CortexM0\ARM_GCC_541\Debug\RGB_LCD.a(LCD_Reset.o)
 .text.LCD_Reset_SetDriveMode
                0x00000000       0x14 .\CortexM0\ARM_GCC_541\Debug\RGB_LCD.a(LCD_Reset.o)
 .text.LCD_Reset_Read
                0x00000000       0x10 .\CortexM0\ARM_GCC_541\Debug\RGB_LCD.a(LCD_Reset.o)
 .text.LCD_Reset_ReadDataReg
                0x00000000       0x10 .\CortexM0\ARM_GCC_541\Debug\RGB_LCD.a(LCD_Reset.o)
 .text.LCD_Reset_SetInterruptMode
                0x00000000       0x14 .\CortexM0\ARM_GCC_541\Debug\RGB_LCD.a(LCD_Reset.o)
 .text.LCD_Reset_ClearInterrupt
                0x00000000       0x14 .\CortexM0\ARM_GCC_541\Debug\RGB_LCD.a(LCD_Reset.o)
 .text          0x00000000        0x0 .\CortexM0\ARM_GCC_541\Debug\RGB_LCD.a(CyLib.o)
 .bss           0x00000000       0x18 .\CortexM0\ARM_GCC_541\Debug\RGB_LCD.a(CyLib.o)
 .text.CySysClkImoStart
                0x00000000       0x14 .\CortexM0\ARM_GCC_541\Debug\RGB_LCD.a(CyLib.o)
 .text.CySysClkImoStop
                0x00000000       0x10 .\CortexM0\ARM_GCC_541\Debug\RGB_LCD.a(CyLib.o)
 .text.CySysClkWriteHfclkDirect
                0x00000000       0x20 .\CortexM0\ARM_GCC_541\Debug\RGB_LCD.a(CyLib.o)
 .text.CySysEnablePumpClock
                0x00000000       0x38 .\CortexM0\ARM_GCC_541\Debug\RGB_LCD.a(CyLib.o)
 .text.CySysClkGetSysclkSource
                0x00000000       0x1c .\CortexM0\ARM_GCC_541\Debug\RGB_LCD.a(CyLib.o)
 .text.CySysClkWriteSysclkDiv
                0x00000000       0x30 .\CortexM0\ARM_GCC_541\Debug\RGB_LCD.a(CyLib.o)
 .text.CySysClkEcoStop
                0x00000000       0x24 .\CortexM0\ARM_GCC_541\Debug\RGB_LCD.a(CyLib.o)
 .text.CySysLvdDisable
                0x00000000       0x20 .\CortexM0\ARM_GCC_541\Debug\RGB_LCD.a(CyLib.o)
 .text.CySysLvdGetInterruptSource
                0x00000000       0x10 .\CortexM0\ARM_GCC_541\Debug\RGB_LCD.a(CyLib.o)
 .text.CySysLvdClearInterrupt
                0x00000000        0xc .\CortexM0\ARM_GCC_541\Debug\RGB_LCD.a(CyLib.o)
 .text.CySysGetResetReason
                0x00000000       0x14 .\CortexM0\ARM_GCC_541\Debug\RGB_LCD.a(CyLib.o)
 .text.CyDisableInts
                0x00000000       0x10 .\CortexM0\ARM_GCC_541\Debug\RGB_LCD.a(CyLib.o)
 .text.CyEnableInts
                0x00000000        0xc .\CortexM0\ARM_GCC_541\Debug\RGB_LCD.a(CyLib.o)
 .text.CyIntGetState
                0x00000000       0x18 .\CortexM0\ARM_GCC_541\Debug\RGB_LCD.a(CyLib.o)
 .text.CyIntDisable
                0x00000000       0x14 .\CortexM0\ARM_GCC_541\Debug\RGB_LCD.a(CyLib.o)
 .text.CyIntSetPending
                0x00000000       0x14 .\CortexM0\ARM_GCC_541\Debug\RGB_LCD.a(CyLib.o)
 .text.CyIntClearPending
                0x00000000       0x14 .\CortexM0\ARM_GCC_541\Debug\RGB_LCD.a(CyLib.o)
 .text.CySysClkWriteEcoDiv
                0x00000000       0x38 .\CortexM0\ARM_GCC_541\Debug\RGB_LCD.a(CyLib.o)
 .text.CyIntSetSysVector
                0x00000000       0x20 .\CortexM0\ARM_GCC_541\Debug\RGB_LCD.a(CyLib.o)
 .text.CyIntGetSysVector
                0x00000000       0x1c .\CortexM0\ARM_GCC_541\Debug\RGB_LCD.a(CyLib.o)
 .text.CyIntGetVector
                0x00000000       0x20 .\CortexM0\ARM_GCC_541\Debug\RGB_LCD.a(CyLib.o)
 .text.CyIntSetPriority
                0x00000000       0x4c .\CortexM0\ARM_GCC_541\Debug\RGB_LCD.a(CyLib.o)
 .text.CyIntGetPriority
                0x00000000       0x2c .\CortexM0\ARM_GCC_541\Debug\RGB_LCD.a(CyLib.o)
 .text.CySoftwareReset
                0x00000000       0x18 .\CortexM0\ARM_GCC_541\Debug\RGB_LCD.a(CyLib.o)
 .text.CySysLvdEnable
                0x00000000       0x44 .\CortexM0\ARM_GCC_541\Debug\RGB_LCD.a(CyLib.o)
 .text.CyDelayFreq
                0x00000000       0x4c .\CortexM0\ARM_GCC_541\Debug\RGB_LCD.a(CyLib.o)
 .text.CySysTickStop
                0x00000000       0x10 .\CortexM0\ARM_GCC_541\Debug\RGB_LCD.a(CyLib.o)
 .text.CySysTickEnableInterrupt
                0x00000000       0x10 .\CortexM0\ARM_GCC_541\Debug\RGB_LCD.a(CyLib.o)
 .text.CySysTickEnable
                0x00000000       0x18 .\CortexM0\ARM_GCC_541\Debug\RGB_LCD.a(CyLib.o)
 .text.CySysTickDisableInterrupt
                0x00000000       0x10 .\CortexM0\ARM_GCC_541\Debug\RGB_LCD.a(CyLib.o)
 .text.CySysTickSetReload
                0x00000000       0x10 .\CortexM0\ARM_GCC_541\Debug\RGB_LCD.a(CyLib.o)
 .text.CySysTickGetReload
                0x00000000       0x10 .\CortexM0\ARM_GCC_541\Debug\RGB_LCD.a(CyLib.o)
 .text.CySysTickGetValue
                0x00000000       0x10 .\CortexM0\ARM_GCC_541\Debug\RGB_LCD.a(CyLib.o)
 .text.CySysTickSetClockSource
                0x00000000       0x20 .\CortexM0\ARM_GCC_541\Debug\RGB_LCD.a(CyLib.o)
 .text.CySysTickGetClockSource
                0x00000000       0x10 .\CortexM0\ARM_GCC_541\Debug\RGB_LCD.a(CyLib.o)
 .text.CySysTickGetCountFlag
                0x00000000       0x10 .\CortexM0\ARM_GCC_541\Debug\RGB_LCD.a(CyLib.o)
 .text.CySysTickServiceCallbacks
                0x00000000       0x28 .\CortexM0\ARM_GCC_541\Debug\RGB_LCD.a(CyLib.o)
 .text.CySysTickClear
                0x00000000        0xc .\CortexM0\ARM_GCC_541\Debug\RGB_LCD.a(CyLib.o)
 .text.CySysTickInit
                0x00000000       0x44 .\CortexM0\ARM_GCC_541\Debug\RGB_LCD.a(CyLib.o)
 .text.CySysTickStart
                0x00000000       0x20 .\CortexM0\ARM_GCC_541\Debug\RGB_LCD.a(CyLib.o)
 .text.CySysTickSetCallback
                0x00000000       0x10 .\CortexM0\ARM_GCC_541\Debug\RGB_LCD.a(CyLib.o)
 .text.CySysTickGetCallback
                0x00000000        0xc .\CortexM0\ARM_GCC_541\Debug\RGB_LCD.a(CyLib.o)
 .text.CyGetUniqueId
                0x00000000       0x70 .\CortexM0\ARM_GCC_541\Debug\RGB_LCD.a(CyLib.o)
 .text.CySysSetRamAccessArbPriority
                0x00000000       0x20 .\CortexM0\ARM_GCC_541\Debug\RGB_LCD.a(CyLib.o)
 .text.CySysSetFlashAccessArbPriority
                0x00000000       0x20 .\CortexM0\ARM_GCC_541\Debug\RGB_LCD.a(CyLib.o)
 .text.CySysSetDmacAccessArbPriority
                0x00000000       0x20 .\CortexM0\ARM_GCC_541\Debug\RGB_LCD.a(CyLib.o)
 .text.CySysSetPeripheralAccessArbPriority
                0x00000000       0x68 .\CortexM0\ARM_GCC_541\Debug\RGB_LCD.a(CyLib.o)
 .text          0x00000000        0x0 .\CortexM0\ARM_GCC_541\Debug\RGB_LCD.a(CyLFClk.o)
 .text.CySysClkIloEnabled
                0x00000000       0x14 .\CortexM0\ARM_GCC_541\Debug\RGB_LCD.a(CyLFClk.o)
 .text.CySysClkGetLfclkSource
                0x00000000       0x10 .\CortexM0\ARM_GCC_541\Debug\RGB_LCD.a(CyLFClk.o)
 .text.CySysClkIloStart
                0x00000000       0x14 .\CortexM0\ARM_GCC_541\Debug\RGB_LCD.a(CyLFClk.o)
 .text.CySysClkIloStartMeasurement
                0x00000000       0x5c .\CortexM0\ARM_GCC_541\Debug\RGB_LCD.a(CyLFClk.o)
 .text.CySysClkIloStopMeasurement
                0x00000000       0x14 .\CortexM0\ARM_GCC_541\Debug\RGB_LCD.a(CyLFClk.o)
 .text.CySysClkIloCompensate
                0x00000000      0x104 .\CortexM0\ARM_GCC_541\Debug\RGB_LCD.a(CyLFClk.o)
 .text.CySysClkIloUpdateTrimReg
                0x00000000       0xa8 .\CortexM0\ARM_GCC_541\Debug\RGB_LCD.a(CyLFClk.o)
 .text.CySysClkIloTrim
                0x00000000       0xd8 .\CortexM0\ARM_GCC_541\Debug\RGB_LCD.a(CyLFClk.o)
 .text.CySysClkIloRestoreFactoryTrim
                0x00000000       0x30 .\CortexM0\ARM_GCC_541\Debug\RGB_LCD.a(CyLFClk.o)
 .text.CySysClkWcoEnabled
                0x00000000       0x14 .\CortexM0\ARM_GCC_541\Debug\RGB_LCD.a(CyLFClk.o)
 .text.CySysClkWcoClockOutSelect
                0x00000000       0x2c .\CortexM0\ARM_GCC_541\Debug\RGB_LCD.a(CyLFClk.o)
 .text.CySysWdtGetEnabledStatus
                0x00000000       0x24 .\CortexM0\ARM_GCC_541\Debug\RGB_LCD.a(CyLFClk.o)
 .text.CySysWdtSetMode
                0x00000000       0x38 .\CortexM0\ARM_GCC_541\Debug\RGB_LCD.a(CyLFClk.o)
 .text.CySysClkLfclkPosedgeRestore
                0x00000000       0x2c .\CortexM0\ARM_GCC_541\Debug\RGB_LCD.a(CyLFClk.o)
 .text.CySysWdtGetMode
                0x00000000       0x14 .\CortexM0\ARM_GCC_541\Debug\RGB_LCD.a(CyLFClk.o)
 .text.CySysWdtSetClearOnMatch
                0x00000000       0x34 .\CortexM0\ARM_GCC_541\Debug\RGB_LCD.a(CyLFClk.o)
 .text.CySysWdtGetClearOnMatch
                0x00000000       0x24 .\CortexM0\ARM_GCC_541\Debug\RGB_LCD.a(CyLFClk.o)
 .text.CySysWdtEnable
                0x00000000       0x3c .\CortexM0\ARM_GCC_541\Debug\RGB_LCD.a(CyLFClk.o)
 .text.CySysWdtDisable
                0x00000000       0x44 .\CortexM0\ARM_GCC_541\Debug\RGB_LCD.a(CyLFClk.o)
 .text.CySysWdtSetCascade
                0x00000000       0x34 .\CortexM0\ARM_GCC_541\Debug\RGB_LCD.a(CyLFClk.o)
 .text.CySysWdtGetCascade
                0x00000000       0x14 .\CortexM0\ARM_GCC_541\Debug\RGB_LCD.a(CyLFClk.o)
 .text.CySysWdtSetMatch
                0x00000000       0x54 .\CortexM0\ARM_GCC_541\Debug\RGB_LCD.a(CyLFClk.o)
 .text.CySysWdtSetToggleBit
                0x00000000       0x30 .\CortexM0\ARM_GCC_541\Debug\RGB_LCD.a(CyLFClk.o)
 .text.CySysWdtGetToggleBit
                0x00000000       0x10 .\CortexM0\ARM_GCC_541\Debug\RGB_LCD.a(CyLFClk.o)
 .text.CySysWdtGetMatch
                0x00000000       0x20 .\CortexM0\ARM_GCC_541\Debug\RGB_LCD.a(CyLFClk.o)
 .text.CySysWdtGetCount
                0x00000000       0x3c .\CortexM0\ARM_GCC_541\Debug\RGB_LCD.a(CyLFClk.o)
 .text.CySysClkLfclkPosedgeCatch
                0x00000000       0x74 .\CortexM0\ARM_GCC_541\Debug\RGB_LCD.a(CyLFClk.o)
 .text.CySysClkIloStop
                0x00000000       0x4c .\CortexM0\ARM_GCC_541\Debug\RGB_LCD.a(CyLFClk.o)
 .text.CySysClkSetLfclkSource
                0x00000000       0x38 .\CortexM0\ARM_GCC_541\Debug\RGB_LCD.a(CyLFClk.o)
 .text.CySysClkWcoStop
                0x00000000       0x48 .\CortexM0\ARM_GCC_541\Debug\RGB_LCD.a(CyLFClk.o)
 .text.CySysWdtGetInterruptSource
                0x00000000       0x14 .\CortexM0\ARM_GCC_541\Debug\RGB_LCD.a(CyLFClk.o)
 .text.CySysWdtResetCounters
                0x00000000       0x20 .\CortexM0\ARM_GCC_541\Debug\RGB_LCD.a(CyLFClk.o)
 .text.CySysWdtSetInterruptCallback
                0x00000000       0x20 .\CortexM0\ARM_GCC_541\Debug\RGB_LCD.a(CyLFClk.o)
 .text.CySysWdtGetInterruptCallback
                0x00000000       0x20 .\CortexM0\ARM_GCC_541\Debug\RGB_LCD.a(CyLFClk.o)
 .text.CySysWdtEnableCounterIsr
                0x00000000       0x34 .\CortexM0\ARM_GCC_541\Debug\RGB_LCD.a(CyLFClk.o)
 .text.CySysWdtDisableCounterIsr
                0x00000000       0x28 .\CortexM0\ARM_GCC_541\Debug\RGB_LCD.a(CyLFClk.o)
 .text.CySysWatchdogFeed
                0x00000000       0x60 .\CortexM0\ARM_GCC_541\Debug\RGB_LCD.a(CyLFClk.o)
 .text.CySysTimerDelayUntilMatch
                0x00000000       0x6c .\CortexM0\ARM_GCC_541\Debug\RGB_LCD.a(CyLFClk.o)
 .text.CySysTimerDelay
                0x00000000       0x3c .\CortexM0\ARM_GCC_541\Debug\RGB_LCD.a(CyLFClk.o)
 .rodata        0x00000000        0xc .\CortexM0\ARM_GCC_541\Debug\RGB_LCD.a(CyLFClk.o)
 .text          0x00000000        0x0 .\CortexM0\ARM_GCC_541\Debug\RGB_LCD.a(SPI_Master_sclk_m.o)
 .data          0x00000000        0x0 .\CortexM0\ARM_GCC_541\Debug\RGB_LCD.a(SPI_Master_sclk_m.o)
 .bss           0x00000000        0x0 .\CortexM0\ARM_GCC_541\Debug\RGB_LCD.a(SPI_Master_sclk_m.o)
 .text.SPI_Master_sclk_m_SetDriveMode
                0x00000000       0x18 .\CortexM0\ARM_GCC_541\Debug\RGB_LCD.a(SPI_Master_sclk_m.o)
 .text.SPI_Master_sclk_m_Write
                0x00000000       0x18 .\CortexM0\ARM_GCC_541\Debug\RGB_LCD.a(SPI_Master_sclk_m.o)
 .text.SPI_Master_sclk_m_Read
                0x00000000       0x10 .\CortexM0\ARM_GCC_541\Debug\RGB_LCD.a(SPI_Master_sclk_m.o)
 .text.SPI_Master_sclk_m_ReadDataReg
                0x00000000       0x10 .\CortexM0\ARM_GCC_541\Debug\RGB_LCD.a(SPI_Master_sclk_m.o)
 .text.SPI_Master_sclk_m_SetInterruptMode
                0x00000000       0x14 .\CortexM0\ARM_GCC_541\Debug\RGB_LCD.a(SPI_Master_sclk_m.o)
 .text.SPI_Master_sclk_m_ClearInterrupt
                0x00000000       0x14 .\CortexM0\ARM_GCC_541\Debug\RGB_LCD.a(SPI_Master_sclk_m.o)
 .text          0x00000000        0x0 .\CortexM0\ARM_GCC_541\Debug\RGB_LCD.a(SPI_Master_ss0_m.o)
 .data          0x00000000        0x0 .\CortexM0\ARM_GCC_541\Debug\RGB_LCD.a(SPI_Master_ss0_m.o)
 .bss           0x00000000        0x0 .\CortexM0\ARM_GCC_541\Debug\RGB_LCD.a(SPI_Master_ss0_m.o)
 .text.SPI_Master_ss0_m_SetDriveMode
                0x00000000       0x18 .\CortexM0\ARM_GCC_541\Debug\RGB_LCD.a(SPI_Master_ss0_m.o)
 .text.SPI_Master_ss0_m_Write
                0x00000000       0x18 .\CortexM0\ARM_GCC_541\Debug\RGB_LCD.a(SPI_Master_ss0_m.o)
 .text.SPI_Master_ss0_m_Read
                0x00000000       0x10 .\CortexM0\ARM_GCC_541\Debug\RGB_LCD.a(SPI_Master_ss0_m.o)
 .text.SPI_Master_ss0_m_ReadDataReg
                0x00000000       0x10 .\CortexM0\ARM_GCC_541\Debug\RGB_LCD.a(SPI_Master_ss0_m.o)
 .text.SPI_Master_ss0_m_SetInterruptMode
                0x00000000       0x14 .\CortexM0\ARM_GCC_541\Debug\RGB_LCD.a(SPI_Master_ss0_m.o)
 .text.SPI_Master_ss0_m_ClearInterrupt
                0x00000000       0x14 .\CortexM0\ARM_GCC_541\Debug\RGB_LCD.a(SPI_Master_ss0_m.o)
 .data          0x00000000        0x0 .\CortexM0\ARM_GCC_541\Debug\RGB_LCD.a(CyBootAsmGnu.o)
 .bss           0x00000000        0x0 .\CortexM0\ARM_GCC_541\Debug\RGB_LCD.a(CyBootAsmGnu.o)
 .text          0x00000000      0x114 c:/program files (x86)/cypress/psoc creator/4.1/psoc creator/import/gnu/arm/5.4.1/bin/../lib/gcc/arm-none-eabi/5.4.1/armv6-m\libgcc.a(_udivsi3.o)
 .data          0x00000000        0x0 c:/program files (x86)/cypress/psoc creator/4.1/psoc creator/import/gnu/arm/5.4.1/bin/../lib/gcc/arm-none-eabi/5.4.1/armv6-m\libgcc.a(_udivsi3.o)
 .bss           0x00000000        0x0 c:/program files (x86)/cypress/psoc creator/4.1/psoc creator/import/gnu/arm/5.4.1/bin/../lib/gcc/arm-none-eabi/5.4.1/armv6-m\libgcc.a(_udivsi3.o)
 .text          0x00000000      0x1d4 c:/program files (x86)/cypress/psoc creator/4.1/psoc creator/import/gnu/arm/5.4.1/bin/../lib/gcc/arm-none-eabi/5.4.1/armv6-m\libgcc.a(_divsi3.o)
 .data          0x00000000        0x0 c:/program files (x86)/cypress/psoc creator/4.1/psoc creator/import/gnu/arm/5.4.1/bin/../lib/gcc/arm-none-eabi/5.4.1/armv6-m\libgcc.a(_divsi3.o)
 .bss           0x00000000        0x0 c:/program files (x86)/cypress/psoc creator/4.1/psoc creator/import/gnu/arm/5.4.1/bin/../lib/gcc/arm-none-eabi/5.4.1/armv6-m\libgcc.a(_divsi3.o)
 .text          0x00000000        0x4 c:/program files (x86)/cypress/psoc creator/4.1/psoc creator/import/gnu/arm/5.4.1/bin/../lib/gcc/arm-none-eabi/5.4.1/armv6-m\libgcc.a(_dvmd_tls.o)
 .data          0x00000000        0x0 c:/program files (x86)/cypress/psoc creator/4.1/psoc creator/import/gnu/arm/5.4.1/bin/../lib/gcc/arm-none-eabi/5.4.1/armv6-m\libgcc.a(_dvmd_tls.o)
 .bss           0x00000000        0x0 c:/program files (x86)/cypress/psoc creator/4.1/psoc creator/import/gnu/arm/5.4.1/bin/../lib/gcc/arm-none-eabi/5.4.1/armv6-m\libgcc.a(_dvmd_tls.o)
 .text          0x00000000        0x0 c:/program files (x86)/cypress/psoc creator/4.1/psoc creator/import/gnu/arm/5.4.1/bin/../lib/gcc/arm-none-eabi/5.4.1/../../../../arm-none-eabi/lib/armv6-m\libg_nano.a(lib_a-errno.o)
 .data          0x00000000        0x0 c:/program files (x86)/cypress/psoc creator/4.1/psoc creator/import/gnu/arm/5.4.1/bin/../lib/gcc/arm-none-eabi/5.4.1/../../../../arm-none-eabi/lib/armv6-m\libg_nano.a(lib_a-errno.o)
 .bss           0x00000000        0x0 c:/program files (x86)/cypress/psoc creator/4.1/psoc creator/import/gnu/arm/5.4.1/bin/../lib/gcc/arm-none-eabi/5.4.1/../../../../arm-none-eabi/lib/armv6-m\libg_nano.a(lib_a-errno.o)
 .text          0x00000000        0x0 c:/program files (x86)/cypress/psoc creator/4.1/psoc creator/import/gnu/arm/5.4.1/bin/../lib/gcc/arm-none-eabi/5.4.1/../../../../arm-none-eabi/lib/armv6-m\libg_nano.a(lib_a-exit.o)
 .data          0x00000000        0x0 c:/program files (x86)/cypress/psoc creator/4.1/psoc creator/import/gnu/arm/5.4.1/bin/../lib/gcc/arm-none-eabi/5.4.1/../../../../arm-none-eabi/lib/armv6-m\libg_nano.a(lib_a-exit.o)
 .bss           0x00000000        0x0 c:/program files (x86)/cypress/psoc creator/4.1/psoc creator/import/gnu/arm/5.4.1/bin/../lib/gcc/arm-none-eabi/5.4.1/../../../../arm-none-eabi/lib/armv6-m\libg_nano.a(lib_a-exit.o)
 .text.exit     0x00000000       0x2c c:/program files (x86)/cypress/psoc creator/4.1/psoc creator/import/gnu/arm/5.4.1/bin/../lib/gcc/arm-none-eabi/5.4.1/../../../../arm-none-eabi/lib/armv6-m\libg_nano.a(lib_a-exit.o)
 .text          0x00000000        0x0 c:/program files (x86)/cypress/psoc creator/4.1/psoc creator/import/gnu/arm/5.4.1/bin/../lib/gcc/arm-none-eabi/5.4.1/../../../../arm-none-eabi/lib/armv6-m\libg_nano.a(lib_a-impure.o)
 .data          0x00000000        0x0 c:/program files (x86)/cypress/psoc creator/4.1/psoc creator/import/gnu/arm/5.4.1/bin/../lib/gcc/arm-none-eabi/5.4.1/../../../../arm-none-eabi/lib/armv6-m\libg_nano.a(lib_a-impure.o)
 .bss           0x00000000        0x0 c:/program files (x86)/cypress/psoc creator/4.1/psoc creator/import/gnu/arm/5.4.1/bin/../lib/gcc/arm-none-eabi/5.4.1/../../../../arm-none-eabi/lib/armv6-m\libg_nano.a(lib_a-impure.o)
 .rodata._global_impure_ptr
                0x00000000        0x4 c:/program files (x86)/cypress/psoc creator/4.1/psoc creator/import/gnu/arm/5.4.1/bin/../lib/gcc/arm-none-eabi/5.4.1/../../../../arm-none-eabi/lib/armv6-m\libg_nano.a(lib_a-impure.o)
 .text          0x00000000        0x0 c:/program files (x86)/cypress/psoc creator/4.1/psoc creator/import/gnu/arm/5.4.1/bin/../lib/gcc/arm-none-eabi/5.4.1/../../../../arm-none-eabi/lib/armv6-m\libg_nano.a(lib_a-init.o)
 .data          0x00000000        0x0 c:/program files (x86)/cypress/psoc creator/4.1/psoc creator/import/gnu/arm/5.4.1/bin/../lib/gcc/arm-none-eabi/5.4.1/../../../../arm-none-eabi/lib/armv6-m\libg_nano.a(lib_a-init.o)
 .bss           0x00000000        0x0 c:/program files (x86)/cypress/psoc creator/4.1/psoc creator/import/gnu/arm/5.4.1/bin/../lib/gcc/arm-none-eabi/5.4.1/../../../../arm-none-eabi/lib/armv6-m\libg_nano.a(lib_a-init.o)
 .text          0x00000000        0x0 c:/program files (x86)/cypress/psoc creator/4.1/psoc creator/import/gnu/arm/5.4.1/bin/../lib/gcc/arm-none-eabi/5.4.1/../../../../arm-none-eabi/lib/armv6-m\libg_nano.a(lib_a-memset.o)
 .data          0x00000000        0x0 c:/program files (x86)/cypress/psoc creator/4.1/psoc creator/import/gnu/arm/5.4.1/bin/../lib/gcc/arm-none-eabi/5.4.1/../../../../arm-none-eabi/lib/armv6-m\libg_nano.a(lib_a-memset.o)
 .bss           0x00000000        0x0 c:/program files (x86)/cypress/psoc creator/4.1/psoc creator/import/gnu/arm/5.4.1/bin/../lib/gcc/arm-none-eabi/5.4.1/../../../../arm-none-eabi/lib/armv6-m\libg_nano.a(lib_a-memset.o)
 .text          0x00000000        0x0 c:/program files (x86)/cypress/psoc creator/4.1/psoc creator/import/gnu/arm/5.4.1/bin/../lib/gcc/arm-none-eabi/5.4.1/armv6-m/crtend.o
 .data          0x00000000        0x0 c:/program files (x86)/cypress/psoc creator/4.1/psoc creator/import/gnu/arm/5.4.1/bin/../lib/gcc/arm-none-eabi/5.4.1/armv6-m/crtend.o
 .bss           0x00000000        0x0 c:/program files (x86)/cypress/psoc creator/4.1/psoc creator/import/gnu/arm/5.4.1/bin/../lib/gcc/arm-none-eabi/5.4.1/armv6-m/crtend.o
 .text          0x00000000        0x0 c:/program files (x86)/cypress/psoc creator/4.1/psoc creator/import/gnu/arm/5.4.1/bin/../lib/gcc/arm-none-eabi/5.4.1/armv6-m/crtn.o
 .data          0x00000000        0x0 c:/program files (x86)/cypress/psoc creator/4.1/psoc creator/import/gnu/arm/5.4.1/bin/../lib/gcc/arm-none-eabi/5.4.1/armv6-m/crtn.o
 .bss           0x00000000        0x0 c:/program files (x86)/cypress/psoc creator/4.1/psoc creator/import/gnu/arm/5.4.1/bin/../lib/gcc/arm-none-eabi/5.4.1/armv6-m/crtn.o

Memory Configuration

Name             Origin             Length             Attributes
rom              0x00000000         0x00040000         xr
ram              0x20000000         0x00008000         xrw
*default*        0x00000000         0xffffffff

Linker script and memory map

LOAD c:/program files (x86)/cypress/psoc creator/4.1/psoc creator/import/gnu/arm/5.4.1/bin/../lib/gcc/arm-none-eabi/5.4.1/armv6-m/crti.o
LOAD c:/program files (x86)/cypress/psoc creator/4.1/psoc creator/import/gnu/arm/5.4.1/bin/../lib/gcc/arm-none-eabi/5.4.1/armv6-m/crtbegin.o
LOAD c:/program files (x86)/cypress/psoc creator/4.1/psoc creator/import/gnu/arm/5.4.1/bin/../lib/gcc/arm-none-eabi/5.4.1/../../../../arm-none-eabi/lib/armv6-m/crt0.o
START GROUP
LOAD .\CortexM0\ARM_GCC_541\Debug\main.o
LOAD .\CortexM0\ARM_GCC_541\Debug\lcd_ili9163.o
LOAD .\CortexM0\ARM_GCC_541\Debug\cyfitter_cfg.o
LOAD .\CortexM0\ARM_GCC_541\Debug\cymetadata.o
LOAD .\CortexM0\ARM_GCC_541\Debug\Cm0Start.o
LOAD .\CortexM0\ARM_GCC_541\Debug\RGB_LCD.a
LOAD C:\Program Files (x86)\Cypress\PSoC Creator\4.1\PSoC Creator\psoc\content\cycomponentlibrary\CyComponentLibrary.cylib\CortexM0\ARM_GCC_541\Debug\CyComponentLibrary.a
END GROUP
START GROUP
LOAD c:/program files (x86)/cypress/psoc creator/4.1/psoc creator/import/gnu/arm/5.4.1/bin/../lib/gcc/arm-none-eabi/5.4.1/armv6-m\libgcc.a
LOAD c:/program files (x86)/cypress/psoc creator/4.1/psoc creator/import/gnu/arm/5.4.1/bin/../lib/gcc/arm-none-eabi/5.4.1/../../../../arm-none-eabi/lib/armv6-m\libg_nano.a
LOAD c:/program files (x86)/cypress/psoc creator/4.1/psoc creator/import/gnu/arm/5.4.1/bin/../lib/gcc/arm-none-eabi/5.4.1/../../../../arm-none-eabi/lib/armv6-m\libc_nano.a
END GROUP
START GROUP
LOAD c:/program files (x86)/cypress/psoc creator/4.1/psoc creator/import/gnu/arm/5.4.1/bin/../lib/gcc/arm-none-eabi/5.4.1/armv6-m\libgcc.a
LOAD c:/program files (x86)/cypress/psoc creator/4.1/psoc creator/import/gnu/arm/5.4.1/bin/../lib/gcc/arm-none-eabi/5.4.1/../../../../arm-none-eabi/lib/armv6-m\libc_nano.a
END GROUP
LOAD c:/program files (x86)/cypress/psoc creator/4.1/psoc creator/import/gnu/arm/5.4.1/bin/../lib/gcc/arm-none-eabi/5.4.1/armv6-m/crtend.o
LOAD c:/program files (x86)/cypress/psoc creator/4.1/psoc creator/import/gnu/arm/5.4.1/bin/../lib/gcc/arm-none-eabi/5.4.1/armv6-m/crtn.o
START GROUP
LOAD c:/program files (x86)/cypress/psoc creator/4.1/psoc creator/import/gnu/arm/5.4.1/bin/../lib/gcc/arm-none-eabi/5.4.1/armv6-m\libgcc.a
LOAD c:/program files (x86)/cypress/psoc creator/4.1/psoc creator/import/gnu/arm/5.4.1/bin/../lib/gcc/arm-none-eabi/5.4.1/../../../../arm-none-eabi/lib/armv6-m\libc.a
LOAD c:/program files (x86)/cypress/psoc creator/4.1/psoc creator/import/gnu/arm/5.4.1/bin/../lib/gcc/arm-none-eabi/5.4.1/../../../../arm-none-eabi/lib/armv6-m\libnosys.a
END GROUP
                0x00000000                CY_APPL_ORIGIN = 0x0
                0x00000100                CY_FLASH_ROW_SIZE = 0x100
                0x00000001                CY_APPL_NUM = 0x1
                0x00000001                CY_APPL_MAX = 0x1
                0x00000040                CY_METADATA_SIZE = 0x40
                0x00000000                CY_APPL_LOADABLE = 0x0
                0x00000000                CY_CHECKSUM_EXCLUDE_SIZE = ALIGN (0x0, CY_FLASH_ROW_SIZE)
                0x00000000                CY_APP_FOR_STACK_AND_COPIER = 0x0
                [!provide]                PROVIDE (__cy_heap_start, _end)
                0x00000001                PROVIDE (__cy_region_num, ((__cy_regions_end - __cy_regions) / 0x10))
                0x20008000                PROVIDE (__cy_stack, (ORIGIN (ram) + LENGTH (ram)))
                [!provide]                PROVIDE (__cy_heap_end, (__cy_stack - 0x800))

.cybootloader   0x00000000        0x0
 *(.cybootloader)
                0x00000000                appl1_start = CY_APPL_ORIGIN?CY_APPL_ORIGIN:ALIGN (CY_FLASH_ROW_SIZE)
                0x0001ff00                appl2_start = (appl1_start + ALIGN ((((LENGTH (rom) - appl1_start) - (0x2 * CY_FLASH_ROW_SIZE)) / 0x2), CY_FLASH_ROW_SIZE))
                0x00000000                appl_start = (CY_APPL_NUM == 0x1)?appl1_start:appl2_start
                0x00000001                cy_project_type_bootloader = (appl_start == 0x0)?0x1:0x0
                0x00000000                cy_project_type_app_for_stack_and_copier = (CY_APP_FOR_STACK_AND_COPIER == 0x1)?0x1:0x0

.text           0x00000000      0xbb8
 CREATE_OBJECT_SYMBOLS
                0x00000000                PROVIDE (__cy_interrupt_vector, RomVectors)
 *(.romvectors)
 .romvectors    0x00000000       0x10 .\CortexM0\ARM_GCC_541\Debug\Cm0Start.o
                0x00000000                RomVectors
                0x00000001                ASSERT ((. != __cy_interrupt_vector), No interrupt vector)
                0x00000001                ASSERT (CY_APPL_ORIGIN?(SIZEOF (.cybootloader) <= CY_APPL_ORIGIN):0x1, Wrong image location)
                0x00000010                PROVIDE (__cy_reset, Reset)
 *(.text.Reset)
 .text.Reset    0x00000010        0x8 .\CortexM0\ARM_GCC_541\Debug\Cm0Start.o
                0x00000010                Reset
                0x00000001                ASSERT ((. != __cy_reset), No reset code)
 *(.psocinit)
 .psocinit      0x00000018      0x184 .\CortexM0\ARM_GCC_541\Debug\cyfitter_cfg.o
                0x000000ec                cyfitter_cfg
                0x0000019c                . = MAX (., 0x100)
 *(.text .text.* .gnu.linkonce.t.*)
 .text          0x0000019c       0x60 c:/program files (x86)/cypress/psoc creator/4.1/psoc creator/import/gnu/arm/5.4.1/bin/../lib/gcc/arm-none-eabi/5.4.1/armv6-m/crtbegin.o
 .text.main     0x000001fc       0x48 .\CortexM0\ARM_GCC_541\Debug\main.o
                0x000001fc                main
 .text.lcd_Reset
                0x00000244       0x28 .\CortexM0\ARM_GCC_541\Debug\lcd_ili9163.o
                0x00000244                lcd_Reset
 .text.lcd_writeData
                0x0000026c       0x20 .\CortexM0\ARM_GCC_541\Debug\lcd_ili9163.o
                0x0000026c                lcd_writeData
 .text.lcd_writeData16
                0x0000028c       0x34 .\CortexM0\ARM_GCC_541\Debug\lcd_ili9163.o
                0x0000028c                lcd_writeData16
 .text.lcd_writeCommand
                0x000002c0       0x20 .\CortexM0\ARM_GCC_541\Debug\lcd_ili9163.o
                0x000002c0                lcd_writeCommand
 .text.lcd_SetAddr
                0x000002e0       0x50 .\CortexM0\ARM_GCC_541\Debug\lcd_ili9163.o
                0x000002e0                lcd_SetAddr
 .text.lcd_setScreen
                0x00000330       0x58 .\CortexM0\ARM_GCC_541\Debug\lcd_ili9163.o
                0x00000330                lcd_setScreen
 .text.lcd_init
                0x00000388       0xe0 .\CortexM0\ARM_GCC_541\Debug\lcd_ili9163.o
                0x00000388                lcd_init
 .text.AnalogSetDefault
                0x00000468       0x20 .\CortexM0\ARM_GCC_541\Debug\cyfitter_cfg.o
 .text.CYMEMZERO
                0x00000488        0xc .\CortexM0\ARM_GCC_541\Debug\cyfitter_cfg.o
 .text.IntDefaultHandler
                0x00000494       0x10 .\CortexM0\ARM_GCC_541\Debug\Cm0Start.o
                0x00000494                IntDefaultHandler
 .text.Start_c  0x000004a4       0x48 .\CortexM0\ARM_GCC_541\Debug\Cm0Start.o
                0x000004a4                Start_c
 .text.initialize_psoc
                0x000004ec       0x4c .\CortexM0\ARM_GCC_541\Debug\Cm0Start.o
                0x000004ec                initialize_psoc
 .text.SPI_Master_ScbModePostEnable
                0x00000538        0x8 .\CortexM0\ARM_GCC_541\Debug\RGB_LCD.a(SPI_Master.o)
 .text.SPI_Master_Init
                0x00000540        0x8 .\CortexM0\ARM_GCC_541\Debug\RGB_LCD.a(SPI_Master.o)
                0x00000540                SPI_Master_Init
 .text.SPI_Master_Enable
                0x00000548       0x18 .\CortexM0\ARM_GCC_541\Debug\RGB_LCD.a(SPI_Master.o)
                0x00000548                SPI_Master_Enable
 .text.SPI_Master_Start
                0x00000560       0x20 .\CortexM0\ARM_GCC_541\Debug\RGB_LCD.a(SPI_Master.o)
                0x00000560                SPI_Master_Start
 .text.SPI_Master_SpiUartGetRxBufferSize
                0x00000580       0x10 .\CortexM0\ARM_GCC_541\Debug\RGB_LCD.a(SPI_Master_SPI_UART.o)
                0x00000580                SPI_Master_SpiUartGetRxBufferSize
 .text.SPI_Master_SpiUartClearRxBuffer
                0x00000590       0x20 .\CortexM0\ARM_GCC_541\Debug\RGB_LCD.a(SPI_Master_SPI_UART.o)
                0x00000590                SPI_Master_SpiUartClearRxBuffer
 .text.SPI_Master_SpiUartWriteTxData
                0x000005b0       0x1c .\CortexM0\ARM_GCC_541\Debug\RGB_LCD.a(SPI_Master_SPI_UART.o)
                0x000005b0                SPI_Master_SpiUartWriteTxData
 .text.SPI_Master_SpiPostEnable
                0x000005cc       0x2c .\CortexM0\ARM_GCC_541\Debug\RGB_LCD.a(SPI_Master_SPI.o)
                0x000005cc                SPI_Master_SpiPostEnable
 .text.SPI_Master_SpiSetActiveSlaveSelect
                0x000005f8       0x20 .\CortexM0\ARM_GCC_541\Debug\RGB_LCD.a(SPI_Master_SPI.o)
                0x000005f8                SPI_Master_SpiSetActiveSlaveSelect
 .text.SPI_Master_SpiInit
                0x00000618       0x8c .\CortexM0\ARM_GCC_541\Debug\RGB_LCD.a(SPI_Master_SPI.o)
                0x00000618                SPI_Master_SpiInit
 .text.LCD_DC_Write
                0x000006a4       0x18 .\CortexM0\ARM_GCC_541\Debug\RGB_LCD.a(LCD_DC.o)
                0x000006a4                LCD_DC_Write
 .text.LCD_Reset_Write
                0x000006bc       0x18 .\CortexM0\ARM_GCC_541\Debug\RGB_LCD.a(LCD_Reset.o)
                0x000006bc                LCD_Reset_Write
 .text.CySysClkEcoReadStatus
                0x000006d4       0x10 .\CortexM0\ARM_GCC_541\Debug\RGB_LCD.a(CyLib.o)
                0x000006d4                CySysClkEcoReadStatus
 .text.CyIntEnable
                0x000006e4       0x14 .\CortexM0\ARM_GCC_541\Debug\RGB_LCD.a(CyLib.o)
                0x000006e4                CyIntEnable
 .text.CyHalt   0x000006f8        0x4 .\CortexM0\ARM_GCC_541\Debug\RGB_LCD.a(CyLib.o)
                0x000006f8                CyHalt
 .text.CyIntSetVector
                0x000006fc       0x24 .\CortexM0\ARM_GCC_541\Debug\RGB_LCD.a(CyLib.o)
                0x000006fc                CyIntSetVector
 .text.CyDelay  0x00000720       0x30 .\CortexM0\ARM_GCC_541\Debug\RGB_LCD.a(CyLib.o)
                0x00000720                CyDelay
 .text.CyDelayUs
                0x00000750       0x14 .\CortexM0\ARM_GCC_541\Debug\RGB_LCD.a(CyLib.o)
                0x00000750                CyDelayUs
 .text.CySysClkWriteImoFreq
                0x00000764      0x164 .\CortexM0\ARM_GCC_541\Debug\RGB_LCD.a(CyLib.o)
                0x00000764                CySysClkWriteImoFreq
 .text.CySysClkEcoStart
                0x000008c8       0x54 .\CortexM0\ARM_GCC_541\Debug\RGB_LCD.a(CyLib.o)
                0x000008c8                CySysClkEcoStart
 .text.CySysWdtLocked
                0x0000091c       0x14 .\CortexM0\ARM_GCC_541\Debug\RGB_LCD.a(CyLFClk.o)
 .text.CySysClkWcoStart
                0x00000930       0x40 .\CortexM0\ARM_GCC_541\Debug\RGB_LCD.a(CyLFClk.o)
                0x00000930                CySysClkWcoStart
 .text.CySysClkWcoSetPowerMode
                0x00000970       0x80 .\CortexM0\ARM_GCC_541\Debug\RGB_LCD.a(CyLFClk.o)
                0x00000970                CySysClkWcoSetPowerMode
 .text.CySysWdtLock
                0x000009f0       0x1c .\CortexM0\ARM_GCC_541\Debug\RGB_LCD.a(CyLFClk.o)
                0x000009f0                CySysWdtLock
 .text.CySysWdtUnlock
                0x00000a0c       0x30 .\CortexM0\ARM_GCC_541\Debug\RGB_LCD.a(CyLFClk.o)
                0x00000a0c                CySysWdtUnlock
 .text.CySysWdtClearInterrupt
                0x00000a3c       0x4c .\CortexM0\ARM_GCC_541\Debug\RGB_LCD.a(CyLFClk.o)
                0x00000a3c                CySysWdtClearInterrupt
 .text.CySysWdtIsr
                0x00000a88       0xa4 .\CortexM0\ARM_GCC_541\Debug\RGB_LCD.a(CyLFClk.o)
                0x00000a88                CySysWdtIsr
 *fill*         0x00000b2c        0x4 
 .text          0x00000b30       0x20 .\CortexM0\ARM_GCC_541\Debug\RGB_LCD.a(CyBootAsmGnu.o)
                0x00000b30                CyDelayCycles
                0x00000b42                CyEnterCriticalSection
                0x00000b4a                CyExitCriticalSection
 .text.__errno  0x00000b50        0xc c:/program files (x86)/cypress/psoc creator/4.1/psoc creator/import/gnu/arm/5.4.1/bin/../lib/gcc/arm-none-eabi/5.4.1/../../../../arm-none-eabi/lib/armv6-m\libg_nano.a(lib_a-errno.o)
                0x00000b50                __errno
 .text.__libc_init_array
                0x00000b5c       0x4c c:/program files (x86)/cypress/psoc creator/4.1/psoc creator/import/gnu/arm/5.4.1/bin/../lib/gcc/arm-none-eabi/5.4.1/../../../../arm-none-eabi/lib/armv6-m\libg_nano.a(lib_a-init.o)
                0x00000b5c                __libc_init_array
 .text.memset   0x00000ba8       0x10 c:/program files (x86)/cypress/psoc creator/4.1/psoc creator/import/gnu/arm/5.4.1/bin/../lib/gcc/arm-none-eabi/5.4.1/../../../../arm-none-eabi/lib/armv6-m\libg_nano.a(lib_a-memset.o)
                0x00000ba8                memset
 *(.plt)
 *(.gnu.warning)
 *(.glue_7t)
 .glue_7t       0x00000bb8        0x0 linker stubs
 *(.glue_7)
 .glue_7        0x00000bb8        0x0 linker stubs
 *(.vfp11_veneer)
 .vfp11_veneer  0x00000bb8        0x0 linker stubs
 *(.bootloader)
 *(.ARM.extab* .gnu.linkonce.armextab.*)
 *(.gcc_except_table)

.v4_bx          0x00000bb8        0x0
 .v4_bx         0x00000bb8        0x0 linker stubs

.iplt           0x00000bb8        0x0
 .iplt          0x00000bb8        0x0 c:/program files (x86)/cypress/psoc creator/4.1/psoc creator/import/gnu/arm/5.4.1/bin/../lib/gcc/arm-none-eabi/5.4.1/armv6-m/crtbegin.o

.eh_frame_hdr
 *(.eh_frame_hdr)

.eh_frame       0x00000bb8        0x4
 *(.eh_frame)
 .eh_frame      0x00000bb8        0x0 c:/program files (x86)/cypress/psoc creator/4.1/psoc creator/import/gnu/arm/5.4.1/bin/../lib/gcc/arm-none-eabi/5.4.1/armv6-m/crtbegin.o
 .eh_frame      0x00000bb8        0x4 c:/program files (x86)/cypress/psoc creator/4.1/psoc creator/import/gnu/arm/5.4.1/bin/../lib/gcc/arm-none-eabi/5.4.1/armv6-m/crtend.o
                [!provide]                PROVIDE (__exidx_start, .)

.ARM.exidx
 *(.ARM.exidx* .gnu.linkonce.armexidx.*)
                0x00000bbc                __exidx_end = .

.rodata         0x00000bbc       0x74
 *(.rodata .rodata.* .gnu.linkonce.r.*)
 .rodata        0x00000bbc        0xc .\CortexM0\ARM_GCC_541\Debug\cyfitter_cfg.o
 .rodata        0x00000bc8       0x2e .\CortexM0\ARM_GCC_541\Debug\RGB_LCD.a(CyLib.o)
                0x00000bc8                cyImoFreqMhz2Reg
 .rodata.str1.1
                0x00000bf6        0x2 c:/program files (x86)/cypress/psoc creator/4.1/psoc creator/import/gnu/arm/5.4.1/bin/../lib/gcc/arm-none-eabi/5.4.1/../../../../arm-none-eabi/lib/armv6-m\libg_nano.a(lib_a-impure.o)
                0x00000bf8                . = ALIGN (0x4)
 *(.init)
 .init          0x00000bf8        0x4 c:/program files (x86)/cypress/psoc creator/4.1/psoc creator/import/gnu/arm/5.4.1/bin/../lib/gcc/arm-none-eabi/5.4.1/armv6-m/crti.o
                0x00000bf8                _init
 .init          0x00000bfc        0x8 c:/program files (x86)/cypress/psoc creator/4.1/psoc creator/import/gnu/arm/5.4.1/bin/../lib/gcc/arm-none-eabi/5.4.1/armv6-m/crtn.o
                0x00000c04                . = ALIGN (0x4)
                0x00000c04                __preinit_array_start = .
 *(.preinit_array)
                0x00000c04                __preinit_array_end = .
                0x00000c04                . = ALIGN (0x4)
                0x00000c04                __init_array_start = .
 *(SORT(.init_array.*))
 *(.init_array)
 .init_array    0x00000c04        0x4 c:/program files (x86)/cypress/psoc creator/4.1/psoc creator/import/gnu/arm/5.4.1/bin/../lib/gcc/arm-none-eabi/5.4.1/armv6-m/crtbegin.o
 .init_array    0x00000c08        0x4 .\CortexM0\ARM_GCC_541\Debug\Cm0Start.o
                0x00000c0c                __init_array_end = .
                0x00000c0c                . = ALIGN (0x4)
 *(.fini)
 .fini          0x00000c0c        0x4 c:/program files (x86)/cypress/psoc creator/4.1/psoc creator/import/gnu/arm/5.4.1/bin/../lib/gcc/arm-none-eabi/5.4.1/armv6-m/crti.o
                0x00000c0c                _fini
 .fini          0x00000c10        0x8 c:/program files (x86)/cypress/psoc creator/4.1/psoc creator/import/gnu/arm/5.4.1/bin/../lib/gcc/arm-none-eabi/5.4.1/armv6-m/crtn.o
                0x00000c18                . = ALIGN (0x4)
                0x00000c18                __fini_array_start = .
 *(.fini_array)
 .fini_array    0x00000c18        0x4 c:/program files (x86)/cypress/psoc creator/4.1/psoc creator/import/gnu/arm/5.4.1/bin/../lib/gcc/arm-none-eabi/5.4.1/armv6-m/crtbegin.o
 *(SORT(.fini_array.*))
                0x00000c1c                __fini_array_end = .
                0x00000c1c                . = ALIGN (0x4)
 *crtbegin.o(.ctors)
 *(EXCLUDE_FILE(*crtend.o) .ctors)
 *(SORT(.ctors.*))
 *crtend.o(.ctors)
                0x00000c1c                . = ALIGN (0x4)
 *crtbegin.o(.dtors)
 *(EXCLUDE_FILE(*crtend.o) .dtors)
 *(SORT(.dtors.*))
 *crtend.o(.dtors)
                0x00000c1c                . = ALIGN (0x4)
                0x00000c1c                __cy_regions = .
                0x00000c1c        0x4 LONG 0xc30 __cy_region_init_ram
                0x00000c20        0x4 LONG 0x200000c0 __cy_region_start_data
                0x00000c24        0x4 LONG 0x88 __cy_region_init_size_ram
                0x00000c28        0x4 LONG 0x48 __cy_region_zero_size_ram
                0x00000c2c                __cy_regions_end = .
                0x00000c30                . = ALIGN (0x8)
 *fill*         0x00000c2c        0x4 
                0x00000c30                _etext = .

.cy_checksum_exclude
                0x00000c30        0x0
 *(.cy_checksum_exclude)

.ramvectors     0x20000000       0xc0
                0x20000000                __cy_region_start_ram = .
 *(.ramvectors)
 .ramvectors    0x20000000       0xc0 .\CortexM0\ARM_GCC_541\Debug\Cm0Start.o
                0x20000000                CyRamVectors

.noinit
 *(.noinit)

.data           0x200000c0       0x88 load address 0x00000c30
                0x200000c0                __cy_region_start_data = .
 *(.jcr)
 .jcr           0x200000c0        0x0 c:/program files (x86)/cypress/psoc creator/4.1/psoc creator/import/gnu/arm/5.4.1/bin/../lib/gcc/arm-none-eabi/5.4.1/armv6-m/crtbegin.o
 .jcr           0x200000c0        0x4 c:/program files (x86)/cypress/psoc creator/4.1/psoc creator/import/gnu/arm/5.4.1/bin/../lib/gcc/arm-none-eabi/5.4.1/armv6-m/crtend.o
 *(.got.plt)
 *(.got)
 *(.shdata)
 *(.data .data.* .gnu.linkonce.d.*)
 .data          0x200000c4       0x14 .\CortexM0\ARM_GCC_541\Debug\RGB_LCD.a(CyLib.o)
                0x200000c4                CySysClkPumpConfig
                0x200000c8                cydelay32kMs
                0x200000cc                cydelayFreqKhz
                0x200000d0                cydelayFreqMhz
                0x200000d4                cydelayFreqHz
 .data          0x200000d8        0x8 .\CortexM0\ARM_GCC_541\Debug\RGB_LCD.a(CyLFClk.o)
 .data.impure_data
                0x200000e0       0x60 c:/program files (x86)/cypress/psoc creator/4.1/psoc creator/import/gnu/arm/5.4.1/bin/../lib/gcc/arm-none-eabi/5.4.1/../../../../arm-none-eabi/lib/armv6-m\libg_nano.a(lib_a-impure.o)
 .data._impure_ptr
                0x20000140        0x4 c:/program files (x86)/cypress/psoc creator/4.1/psoc creator/import/gnu/arm/5.4.1/bin/../lib/gcc/arm-none-eabi/5.4.1/../../../../arm-none-eabi/lib/armv6-m\libg_nano.a(lib_a-impure.o)
                0x20000140                _impure_ptr
                0x20000148                . = ALIGN (0x8)
 *fill*         0x20000144        0x4 
 *(.ram)
                0x20000148                _edata = .

.igot.plt       0x20000148        0x0 load address 0x00000cb8
 .igot.plt      0x20000148        0x0 c:/program files (x86)/cypress/psoc creator/4.1/psoc creator/import/gnu/arm/5.4.1/bin/../lib/gcc/arm-none-eabi/5.4.1/armv6-m/crtbegin.o

.bss            0x20000148       0x48 load address 0x00000cb8
                0x20000148                PROVIDE (__bss_start__, .)
 *(.shbss)
 *(.bss .bss.* .gnu.linkonce.b.*)
 .bss           0x20000148       0x1c c:/program files (x86)/cypress/psoc creator/4.1/psoc creator/import/gnu/arm/5.4.1/bin/../lib/gcc/arm-none-eabi/5.4.1/armv6-m/crtbegin.o
 .bss           0x20000164        0x4 .\CortexM0\ARM_GCC_541\Debug\RGB_LCD.a(SPI_Master.o)
                0x20000164                SPI_Master_initVar
                0x20000166                SPI_Master_IntrTxMask
 .bss           0x20000168       0x28 .\CortexM0\ARM_GCC_541\Debug\RGB_LCD.a(CyLFClk.o)
 *(COMMON)
                0x20000190                . = ALIGN (0x8)
 *(.ram.b)
                0x20000190                _end = .
                0x20000190                __end = .
                0x20000190                PROVIDE (end, .)
                0x20000190                PROVIDE (__bss_end__, .)
                0x00000c30                __cy_region_init_ram = LOADADDR (.data)
                0x00000088                __cy_region_init_size_ram = (_edata - ADDR (.data))
                0x00000048                __cy_region_zero_size_ram = (_end - _edata)

.heap           0x20000190       0x80 load address 0x00000cb8
                0x20000190                . = _end
                0x20000210                . = (. + 0x80)
 *fill*         0x20000190       0x80 
                0x20000210                __cy_heap_limit = .

.stack          0x20007800      0x800
                0x20007800                __cy_stack_limit = .
                0x20008000                . = (. + 0x800)
 *fill*         0x20007800      0x800 
                0x00000001                ASSERT ((__cy_stack_limit >= __cy_heap_limit), region RAM overflowed with stack)
                0x00000000                cy_checksum_exclude_size = (CY_APPL_LOADABLE == 0x1)?SIZEOF (.cy_checksum_exclude):0x0
                0x00000001                ASSERT ((cy_checksum_exclude_size <= CY_CHECKSUM_EXCLUDE_SIZE), CY_BOOT: Section .cy_checksum_exclude size exceedes specified limit.)
                0x0003ffc0                cyloadermeta_start = (cy_project_type_bootloader || cy_project_type_app_for_stack_and_copier)?(LENGTH (rom) - CY_METADATA_SIZE):0xf0000000

.cyloadermeta
 *(.cyloadermeta)
                0x0003ffc0                cyloadablemeta_start = cy_project_type_app_for_stack_and_copier?((LENGTH (rom) - CY_FLASH_ROW_SIZE) - CY_METADATA_SIZE):((LENGTH (rom) - (CY_FLASH_ROW_SIZE * (CY_APPL_NUM - 0x1))) - CY_METADATA_SIZE)

.cyloadablemeta
 *(.cyloadablemeta)

.cyflashprotect
                0x90400000       0x80
 *(.cyflashprotect)
 .cyflashprotect
                0x90400000       0x80 .\CortexM0\ARM_GCC_541\Debug\cymetadata.o
                0x90400000                cy_meta_flashprotect

.cymeta         0x90500000        0xc
 *(.cymeta)
 .cymeta        0x90500000        0xc .\CortexM0\ARM_GCC_541\Debug\cymetadata.o
                0x90500000                cy_metadata

.cychipprotect  0x90600000        0x1
 *(.cychipprotect)
 .cychipprotect
                0x90600000        0x1 .\CortexM0\ARM_GCC_541\Debug\cymetadata.o
                0x90600000                cy_meta_chipprotect

.rel.dyn        0x00000cb8        0x0 load address 0x90600004
 .rel.iplt      0x00000cb8        0x0 c:/program files (x86)/cypress/psoc creator/4.1/psoc creator/import/gnu/arm/5.4.1/bin/../lib/gcc/arm-none-eabi/5.4.1/armv6-m/crtbegin.o

.stab
 *(.stab)

.stabstr
 *(.stabstr)

.debug
 *(.debug)

.line
 *(.line)

.debug_srcinfo
 *(.debug_srcinfo)

.debug_sfnames
 *(.debug_sfnames)

.debug_aranges  0x00000000      0x6a8
 *(.debug_aranges)
 .debug_aranges
                0x00000000       0x20 .\CortexM0\ARM_GCC_541\Debug\main.o
 .debug_aranges
                0x00000020       0x60 .\CortexM0\ARM_GCC_541\Debug\lcd_ili9163.o
 .debug_aranges
                0x00000080       0x38 .\CortexM0\ARM_GCC_541\Debug\cyfitter_cfg.o
 .debug_aranges
                0x000000b8       0x18 .\CortexM0\ARM_GCC_541\Debug\cymetadata.o
 .debug_aranges
                0x000000d0       0x48 .\CortexM0\ARM_GCC_541\Debug\Cm0Start.o
 .debug_aranges
                0x00000118       0x58 .\CortexM0\ARM_GCC_541\Debug\RGB_LCD.a(SPI_Master.o)
 .debug_aranges
                0x00000170       0x60 .\CortexM0\ARM_GCC_541\Debug\RGB_LCD.a(SPI_Master_SPI_UART.o)
 .debug_aranges
                0x000001d0       0x40 .\CortexM0\ARM_GCC_541\Debug\RGB_LCD.a(SPI_Master_SPI.o)
 .debug_aranges
                0x00000210       0x48 .\CortexM0\ARM_GCC_541\Debug\RGB_LCD.a(LCD_DC.o)
 .debug_aranges
                0x00000258       0x48 .\CortexM0\ARM_GCC_541\Debug\RGB_LCD.a(LCD_Reset.o)
 .debug_aranges
                0x000002a0      0x1d0 .\CortexM0\ARM_GCC_541\Debug\RGB_LCD.a(CyLib.o)
 .debug_aranges
                0x00000470      0x188 .\CortexM0\ARM_GCC_541\Debug\RGB_LCD.a(CyLFClk.o)
 .debug_aranges
                0x000005f8       0x48 .\CortexM0\ARM_GCC_541\Debug\RGB_LCD.a(SPI_Master_sclk_m.o)
 .debug_aranges
                0x00000640       0x48 .\CortexM0\ARM_GCC_541\Debug\RGB_LCD.a(SPI_Master_ss0_m.o)
 .debug_aranges
                0x00000688       0x20 .\CortexM0\ARM_GCC_541\Debug\RGB_LCD.a(CyBootAsmGnu.o)

.debug_pubnames
 *(.debug_pubnames)

.debug_info     0x00000000     0x3cba
 *(.debug_info .gnu.linkonce.wi.*)
 .debug_info    0x00000000      0x183 .\CortexM0\ARM_GCC_541\Debug\main.o
 .debug_info    0x00000183      0x8ac .\CortexM0\ARM_GCC_541\Debug\lcd_ili9163.o
 .debug_info    0x00000a2f      0x32c .\CortexM0\ARM_GCC_541\Debug\cyfitter_cfg.o
 .debug_info    0x00000d5b       0xf8 .\CortexM0\ARM_GCC_541\Debug\cymetadata.o
 .debug_info    0x00000e53      0x3a2 .\CortexM0\ARM_GCC_541\Debug\Cm0Start.o
 .debug_info    0x000011f5      0x23a .\CortexM0\ARM_GCC_541\Debug\RGB_LCD.a(SPI_Master.o)
 .debug_info    0x0000142f      0x220 .\CortexM0\ARM_GCC_541\Debug\RGB_LCD.a(SPI_Master_SPI_UART.o)
 .debug_info    0x0000164f      0x1b4 .\CortexM0\ARM_GCC_541\Debug\RGB_LCD.a(SPI_Master_SPI.o)
 .debug_info    0x00001803      0x19b .\CortexM0\ARM_GCC_541\Debug\RGB_LCD.a(LCD_DC.o)
 .debug_info    0x0000199e      0x19d .\CortexM0\ARM_GCC_541\Debug\RGB_LCD.a(LCD_Reset.o)
 .debug_info    0x00001b3b      0xd3b .\CortexM0\ARM_GCC_541\Debug\RGB_LCD.a(CyLib.o)
 .debug_info    0x00002876     0x1071 .\CortexM0\ARM_GCC_541\Debug\RGB_LCD.a(CyLFClk.o)
 .debug_info    0x000038e7      0x19d .\CortexM0\ARM_GCC_541\Debug\RGB_LCD.a(SPI_Master_sclk_m.o)
 .debug_info    0x00003a84      0x19d .\CortexM0\ARM_GCC_541\Debug\RGB_LCD.a(SPI_Master_ss0_m.o)
 .debug_info    0x00003c21       0x99 .\CortexM0\ARM_GCC_541\Debug\RGB_LCD.a(CyBootAsmGnu.o)

.debug_abbrev   0x00000000      0xf83
 *(.debug_abbrev)
 .debug_abbrev  0x00000000       0x89 .\CortexM0\ARM_GCC_541\Debug\main.o
 .debug_abbrev  0x00000089       0xe5 .\CortexM0\ARM_GCC_541\Debug\lcd_ili9163.o
 .debug_abbrev  0x0000016e      0x166 .\CortexM0\ARM_GCC_541\Debug\cyfitter_cfg.o
 .debug_abbrev  0x000002d4       0x5d .\CortexM0\ARM_GCC_541\Debug\cymetadata.o
 .debug_abbrev  0x00000331      0x1d7 .\CortexM0\ARM_GCC_541\Debug\Cm0Start.o
 .debug_abbrev  0x00000508       0xd5 .\CortexM0\ARM_GCC_541\Debug\RGB_LCD.a(SPI_Master.o)
 .debug_abbrev  0x000005dd      0x14f .\CortexM0\ARM_GCC_541\Debug\RGB_LCD.a(SPI_Master_SPI_UART.o)
 .debug_abbrev  0x0000072c       0xfb .\CortexM0\ARM_GCC_541\Debug\RGB_LCD.a(SPI_Master_SPI.o)
 .debug_abbrev  0x00000827       0xc8 .\CortexM0\ARM_GCC_541\Debug\RGB_LCD.a(LCD_DC.o)
 .debug_abbrev  0x000008ef       0xc8 .\CortexM0\ARM_GCC_541\Debug\RGB_LCD.a(LCD_Reset.o)
 .debug_abbrev  0x000009b7      0x1e0 .\CortexM0\ARM_GCC_541\Debug\RGB_LCD.a(CyLib.o)
 .debug_abbrev  0x00000b97      0x248 .\CortexM0\ARM_GCC_541\Debug\RGB_LCD.a(CyLFClk.o)
 .debug_abbrev  0x00000ddf       0xc8 .\CortexM0\ARM_GCC_541\Debug\RGB_LCD.a(SPI_Master_sclk_m.o)
 .debug_abbrev  0x00000ea7       0xc8 .\CortexM0\ARM_GCC_541\Debug\RGB_LCD.a(SPI_Master_ss0_m.o)
 .debug_abbrev  0x00000f6f       0x14 .\CortexM0\ARM_GCC_541\Debug\RGB_LCD.a(CyBootAsmGnu.o)

.debug_line     0x00000000     0x1a12
 *(.debug_line)
 .debug_line    0x00000000       0x84 .\CortexM0\ARM_GCC_541\Debug\main.o
 .debug_line    0x00000084      0x2c7 .\CortexM0\ARM_GCC_541\Debug\lcd_ili9163.o
 .debug_line    0x0000034b      0x161 .\CortexM0\ARM_GCC_541\Debug\cyfitter_cfg.o
 .debug_line    0x000004ac      0x141 .\CortexM0\ARM_GCC_541\Debug\cymetadata.o
 .debug_line    0x000005ed      0x236 .\CortexM0\ARM_GCC_541\Debug\Cm0Start.o
 .debug_line    0x00000823      0x116 .\CortexM0\ARM_GCC_541\Debug\RGB_LCD.a(SPI_Master.o)
 .debug_line    0x00000939      0x120 .\CortexM0\ARM_GCC_541\Debug\RGB_LCD.a(SPI_Master_SPI_UART.o)
 .debug_line    0x00000a59      0x115 .\CortexM0\ARM_GCC_541\Debug\RGB_LCD.a(SPI_Master_SPI.o)
 .debug_line    0x00000b6e       0xbd .\CortexM0\ARM_GCC_541\Debug\RGB_LCD.a(LCD_DC.o)
 .debug_line    0x00000c2b       0xc1 .\CortexM0\ARM_GCC_541\Debug\RGB_LCD.a(LCD_Reset.o)
 .debug_line    0x00000cec      0x552 .\CortexM0\ARM_GCC_541\Debug\RGB_LCD.a(CyLib.o)
 .debug_line    0x0000123e      0x5db .\CortexM0\ARM_GCC_541\Debug\RGB_LCD.a(CyLFClk.o)
 .debug_line    0x00001819       0xc9 .\CortexM0\ARM_GCC_541\Debug\RGB_LCD.a(SPI_Master_sclk_m.o)
 .debug_line    0x000018e2       0xc8 .\CortexM0\ARM_GCC_541\Debug\RGB_LCD.a(SPI_Master_ss0_m.o)
 .debug_line    0x000019aa       0x68 .\CortexM0\ARM_GCC_541\Debug\RGB_LCD.a(CyBootAsmGnu.o)

.debug_frame    0x00000000     0x1070
 *(.debug_frame)
 .debug_frame   0x00000000       0x2c .\CortexM0\ARM_GCC_541\Debug\main.o
 .debug_frame   0x0000002c      0x124 .\CortexM0\ARM_GCC_541\Debug\lcd_ili9163.o
 .debug_frame   0x00000150       0x80 .\CortexM0\ARM_GCC_541\Debug\cyfitter_cfg.o
 .debug_frame   0x000001d0       0xbc .\CortexM0\ARM_GCC_541\Debug\Cm0Start.o
 .debug_frame   0x0000028c       0xd8 .\CortexM0\ARM_GCC_541\Debug\RGB_LCD.a(SPI_Master.o)
 .debug_frame   0x00000364       0xb0 .\CortexM0\ARM_GCC_541\Debug\RGB_LCD.a(SPI_Master_SPI_UART.o)
 .debug_frame   0x00000414       0x7c .\CortexM0\ARM_GCC_541\Debug\RGB_LCD.a(SPI_Master_SPI.o)
 .debug_frame   0x00000490       0x70 .\CortexM0\ARM_GCC_541\Debug\RGB_LCD.a(LCD_DC.o)
 .debug_frame   0x00000500       0x70 .\CortexM0\ARM_GCC_541\Debug\RGB_LCD.a(LCD_Reset.o)
 .debug_frame   0x00000570      0x4a4 .\CortexM0\ARM_GCC_541\Debug\RGB_LCD.a(CyLib.o)
 .debug_frame   0x00000a14      0x4a8 .\CortexM0\ARM_GCC_541\Debug\RGB_LCD.a(CyLFClk.o)
 .debug_frame   0x00000ebc       0x70 .\CortexM0\ARM_GCC_541\Debug\RGB_LCD.a(SPI_Master_sclk_m.o)
 .debug_frame   0x00000f2c       0x70 .\CortexM0\ARM_GCC_541\Debug\RGB_LCD.a(SPI_Master_ss0_m.o)
 .debug_frame   0x00000f9c       0x20 c:/program files (x86)/cypress/psoc creator/4.1/psoc creator/import/gnu/arm/5.4.1/bin/../lib/gcc/arm-none-eabi/5.4.1/armv6-m\libgcc.a(_udivsi3.o)
 .debug_frame   0x00000fbc       0x20 c:/program files (x86)/cypress/psoc creator/4.1/psoc creator/import/gnu/arm/5.4.1/bin/../lib/gcc/arm-none-eabi/5.4.1/armv6-m\libgcc.a(_divsi3.o)
 .debug_frame   0x00000fdc       0x20 c:/program files (x86)/cypress/psoc creator/4.1/psoc creator/import/gnu/arm/5.4.1/bin/../lib/gcc/arm-none-eabi/5.4.1/../../../../arm-none-eabi/lib/armv6-m\libg_nano.a(lib_a-errno.o)
 .debug_frame   0x00000ffc       0x28 c:/program files (x86)/cypress/psoc creator/4.1/psoc creator/import/gnu/arm/5.4.1/bin/../lib/gcc/arm-none-eabi/5.4.1/../../../../arm-none-eabi/lib/armv6-m\libg_nano.a(lib_a-exit.o)
 .debug_frame   0x00001024       0x2c c:/program files (x86)/cypress/psoc creator/4.1/psoc creator/import/gnu/arm/5.4.1/bin/../lib/gcc/arm-none-eabi/5.4.1/../../../../arm-none-eabi/lib/armv6-m\libg_nano.a(lib_a-init.o)
 .debug_frame   0x00001050       0x20 c:/program files (x86)/cypress/psoc creator/4.1/psoc creator/import/gnu/arm/5.4.1/bin/../lib/gcc/arm-none-eabi/5.4.1/../../../../arm-none-eabi/lib/armv6-m\libg_nano.a(lib_a-memset.o)

.debug_str      0x00000000     0x181d
 *(.debug_str)
 .debug_str     0x00000000      0x180 .\CortexM0\ARM_GCC_541\Debug\main.o
                                0x1c0 (size before relaxing)
 .debug_str     0x00000180      0x143 .\CortexM0\ARM_GCC_541\Debug\lcd_ili9163.o
                                0x2fc (size before relaxing)
 .debug_str     0x000002c3      0x125 .\CortexM0\ARM_GCC_541\Debug\cyfitter_cfg.o
                                0x2b6 (size before relaxing)
 .debug_str     0x000003e8       0x59 .\CortexM0\ARM_GCC_541\Debug\cymetadata.o
                                0x1d1 (size before relaxing)
 .debug_str     0x00000441      0x13b .\CortexM0\ARM_GCC_541\Debug\Cm0Start.o
                                0x30a (size before relaxing)
 .debug_str     0x0000057c      0x142 .\CortexM0\ARM_GCC_541\Debug\RGB_LCD.a(SPI_Master.o)
                                0x2f1 (size before relaxing)
 .debug_str     0x000006be      0x111 .\CortexM0\ARM_GCC_541\Debug\RGB_LCD.a(SPI_Master_SPI_UART.o)
                                0x313 (size before relaxing)
 .debug_str     0x000007cf       0xc7 .\CortexM0\ARM_GCC_541\Debug\RGB_LCD.a(SPI_Master_SPI.o)
                                0x2b4 (size before relaxing)
 .debug_str     0x00000896       0xb0 .\CortexM0\ARM_GCC_541\Debug\RGB_LCD.a(LCD_DC.o)
                                0x246 (size before relaxing)
 .debug_str     0x00000946       0x93 .\CortexM0\ARM_GCC_541\Debug\RGB_LCD.a(LCD_Reset.o)
                                0x25b (size before relaxing)
 .debug_str     0x000009d9      0x5dd .\CortexM0\ARM_GCC_541\Debug\RGB_LCD.a(CyLib.o)
                                0x80f (size before relaxing)
 .debug_str     0x00000fb6      0x6e7 .\CortexM0\ARM_GCC_541\Debug\RGB_LCD.a(CyLFClk.o)
                                0x941 (size before relaxing)
 .debug_str     0x0000169d       0xc3 .\CortexM0\ARM_GCC_541\Debug\RGB_LCD.a(SPI_Master_sclk_m.o)
                                0x293 (size before relaxing)
 .debug_str     0x00001760       0xbd .\CortexM0\ARM_GCC_541\Debug\RGB_LCD.a(SPI_Master_ss0_m.o)
                                0x28c (size before relaxing)

.debug_loc      0x00000000     0x1e77
 *(.debug_loc)
 .debug_loc     0x00000000      0x24f .\CortexM0\ARM_GCC_541\Debug\lcd_ili9163.o
 .debug_loc     0x0000024f       0xa9 .\CortexM0\ARM_GCC_541\Debug\cyfitter_cfg.o
 .debug_loc     0x000002f8      0x14f .\CortexM0\ARM_GCC_541\Debug\Cm0Start.o
 .debug_loc     0x00000447       0x7e .\CortexM0\ARM_GCC_541\Debug\RGB_LCD.a(SPI_Master.o)
 .debug_loc     0x000004c5       0x96 .\CortexM0\ARM_GCC_541\Debug\RGB_LCD.a(SPI_Master_SPI_UART.o)
 .debug_loc     0x0000055b       0xc1 .\CortexM0\ARM_GCC_541\Debug\RGB_LCD.a(SPI_Master_SPI.o)
 .debug_loc     0x0000061c       0x81 .\CortexM0\ARM_GCC_541\Debug\RGB_LCD.a(LCD_DC.o)
 .debug_loc     0x0000069d       0xa2 .\CortexM0\ARM_GCC_541\Debug\RGB_LCD.a(LCD_Reset.o)
 .debug_loc     0x0000073f      0x84a .\CortexM0\ARM_GCC_541\Debug\RGB_LCD.a(CyLib.o)
 .debug_loc     0x00000f89      0xdaa .\CortexM0\ARM_GCC_541\Debug\RGB_LCD.a(CyLFClk.o)
 .debug_loc     0x00001d33       0xa2 .\CortexM0\ARM_GCC_541\Debug\RGB_LCD.a(SPI_Master_sclk_m.o)
 .debug_loc     0x00001dd5       0xa2 .\CortexM0\ARM_GCC_541\Debug\RGB_LCD.a(SPI_Master_ss0_m.o)

.debug_macinfo
 *(.debug_macinfo)

.debug_ranges   0x00000000      0x5a0
 *(.debug_ranges)
 .debug_ranges  0x00000000       0x10 .\CortexM0\ARM_GCC_541\Debug\main.o
 .debug_ranges  0x00000010       0x50 .\CortexM0\ARM_GCC_541\Debug\lcd_ili9163.o
 .debug_ranges  0x00000060       0x28 .\CortexM0\ARM_GCC_541\Debug\cyfitter_cfg.o
 .debug_ranges  0x00000088       0x38 .\CortexM0\ARM_GCC_541\Debug\Cm0Start.o
 .debug_ranges  0x000000c0       0x48 .\CortexM0\ARM_GCC_541\Debug\RGB_LCD.a(SPI_Master.o)
 .debug_ranges  0x00000108       0x50 .\CortexM0\ARM_GCC_541\Debug\RGB_LCD.a(SPI_Master_SPI_UART.o)
 .debug_ranges  0x00000158       0x30 .\CortexM0\ARM_GCC_541\Debug\RGB_LCD.a(SPI_Master_SPI.o)
 .debug_ranges  0x00000188       0x38 .\CortexM0\ARM_GCC_541\Debug\RGB_LCD.a(LCD_DC.o)
 .debug_ranges  0x000001c0       0x38 .\CortexM0\ARM_GCC_541\Debug\RGB_LCD.a(LCD_Reset.o)
 .debug_ranges  0x000001f8      0x1c0 .\CortexM0\ARM_GCC_541\Debug\RGB_LCD.a(CyLib.o)
 .debug_ranges  0x000003b8      0x178 .\CortexM0\ARM_GCC_541\Debug\RGB_LCD.a(CyLFClk.o)
 .debug_ranges  0x00000530       0x38 .\CortexM0\ARM_GCC_541\Debug\RGB_LCD.a(SPI_Master_sclk_m.o)
 .debug_ranges  0x00000568       0x38 .\CortexM0\ARM_GCC_541\Debug\RGB_LCD.a(SPI_Master_ss0_m.o)

.comment        0x00000000       0x6e
 .comment       0x00000000       0x6e .\CortexM0\ARM_GCC_541\Debug\main.o
                                 0x6f (size before relaxing)
 .comment       0x0000006e       0x6f .\CortexM0\ARM_GCC_541\Debug\lcd_ili9163.o
 .comment       0x0000006e       0x6f .\CortexM0\ARM_GCC_541\Debug\cyfitter_cfg.o
 .comment       0x0000006e       0x6f .\CortexM0\ARM_GCC_541\Debug\cymetadata.o
 .comment       0x0000006e       0x6f .\CortexM0\ARM_GCC_541\Debug\Cm0Start.o
 .comment       0x0000006e       0x6f .\CortexM0\ARM_GCC_541\Debug\RGB_LCD.a(SPI_Master.o)
 .comment       0x0000006e       0x6f .\CortexM0\ARM_GCC_541\Debug\RGB_LCD.a(SPI_Master_SPI_UART.o)
 .comment       0x0000006e       0x6f .\CortexM0\ARM_GCC_541\Debug\RGB_LCD.a(SPI_Master_SPI.o)
 .comment       0x0000006e       0x6f .\CortexM0\ARM_GCC_541\Debug\RGB_LCD.a(LCD_DC.o)
 .comment       0x0000006e       0x6f .\CortexM0\ARM_GCC_541\Debug\RGB_LCD.a(LCD_Reset.o)
 .comment       0x0000006e       0x6f .\CortexM0\ARM_GCC_541\Debug\RGB_LCD.a(CyLib.o)
 .comment       0x0000006e       0x6f .\CortexM0\ARM_GCC_541\Debug\RGB_LCD.a(CyLFClk.o)
 .comment       0x0000006e       0x6f .\CortexM0\ARM_GCC_541\Debug\RGB_LCD.a(SPI_Master_sclk_m.o)
 .comment       0x0000006e       0x6f .\CortexM0\ARM_GCC_541\Debug\RGB_LCD.a(SPI_Master_ss0_m.o)

.debug_weaknames
 *(.debug_weaknames)

.debug_funcnames
 *(.debug_funcnames)

.debug_typenames
 *(.debug_typenames)

.debug_varnames
 *(.debug_varnames)

.note.gnu.arm.ident
 *(.note.gnu.arm.ident)

.ARM.attributes
                0x00000000       0x28
 *(.ARM.attributes)
 .ARM.attributes
                0x00000000       0x1e c:/program files (x86)/cypress/psoc creator/4.1/psoc creator/import/gnu/arm/5.4.1/bin/../lib/gcc/arm-none-eabi/5.4.1/armv6-m/crti.o
 .ARM.attributes
                0x0000001e       0x2c c:/program files (x86)/cypress/psoc creator/4.1/psoc creator/import/gnu/arm/5.4.1/bin/../lib/gcc/arm-none-eabi/5.4.1/armv6-m/crtbegin.o
 .ARM.attributes
                0x0000004a       0x1b c:/program files (x86)/cypress/psoc creator/4.1/psoc creator/import/gnu/arm/5.4.1/bin/../lib/gcc/arm-none-eabi/5.4.1/../../../../arm-none-eabi/lib/armv6-m/crt0.o
 .ARM.attributes
                0x00000065       0x31 .\CortexM0\ARM_GCC_541\Debug\main.o
 .ARM.attributes
                0x00000096       0x31 .\CortexM0\ARM_GCC_541\Debug\lcd_ili9163.o
 .ARM.attributes
                0x000000c7       0x31 .\CortexM0\ARM_GCC_541\Debug\cyfitter_cfg.o
 .ARM.attributes
                0x000000f8       0x31 .\CortexM0\ARM_GCC_541\Debug\cymetadata.o
 .ARM.attributes
                0x00000129       0x31 .\CortexM0\ARM_GCC_541\Debug\Cm0Start.o
 .ARM.attributes
                0x0000015a       0x31 .\CortexM0\ARM_GCC_541\Debug\RGB_LCD.a(SPI_Master.o)
 .ARM.attributes
                0x0000018b       0x31 .\CortexM0\ARM_GCC_541\Debug\RGB_LCD.a(SPI_Master_SPI_UART.o)
 .ARM.attributes
                0x000001bc       0x31 .\CortexM0\ARM_GCC_541\Debug\RGB_LCD.a(SPI_Master_SPI.o)
 .ARM.attributes
                0x000001ed       0x31 .\CortexM0\ARM_GCC_541\Debug\RGB_LCD.a(LCD_DC.o)
 .ARM.attributes
                0x0000021e       0x31 .\CortexM0\ARM_GCC_541\Debug\RGB_LCD.a(LCD_Reset.o)
 .ARM.attributes
                0x0000024f       0x31 .\CortexM0\ARM_GCC_541\Debug\RGB_LCD.a(CyLib.o)
 .ARM.attributes
                0x00000280       0x31 .\CortexM0\ARM_GCC_541\Debug\RGB_LCD.a(CyLFClk.o)
 .ARM.attributes
                0x000002b1       0x31 .\CortexM0\ARM_GCC_541\Debug\RGB_LCD.a(SPI_Master_sclk_m.o)
 .ARM.attributes
                0x000002e2       0x31 .\CortexM0\ARM_GCC_541\Debug\RGB_LCD.a(SPI_Master_ss0_m.o)
 .ARM.attributes
                0x00000313       0x21 .\CortexM0\ARM_GCC_541\Debug\RGB_LCD.a(CyBootAsmGnu.o)
 .ARM.attributes
                0x00000334       0x1e c:/program files (x86)/cypress/psoc creator/4.1/psoc creator/import/gnu/arm/5.4.1/bin/../lib/gcc/arm-none-eabi/5.4.1/armv6-m\libgcc.a(_udivsi3.o)
 .ARM.attributes
                0x00000352       0x1e c:/program files (x86)/cypress/psoc creator/4.1/psoc creator/import/gnu/arm/5.4.1/bin/../lib/gcc/arm-none-eabi/5.4.1/armv6-m\libgcc.a(_divsi3.o)
 .ARM.attributes
                0x00000370       0x1e c:/program files (x86)/cypress/psoc creator/4.1/psoc creator/import/gnu/arm/5.4.1/bin/../lib/gcc/arm-none-eabi/5.4.1/armv6-m\libgcc.a(_dvmd_tls.o)
 .ARM.attributes
                0x0000038e       0x2c c:/program files (x86)/cypress/psoc creator/4.1/psoc creator/import/gnu/arm/5.4.1/bin/../lib/gcc/arm-none-eabi/5.4.1/../../../../arm-none-eabi/lib/armv6-m\libg_nano.a(lib_a-errno.o)
 .ARM.attributes
                0x000003ba       0x2c c:/program files (x86)/cypress/psoc creator/4.1/psoc creator/import/gnu/arm/5.4.1/bin/../lib/gcc/arm-none-eabi/5.4.1/../../../../arm-none-eabi/lib/armv6-m\libg_nano.a(lib_a-exit.o)
 .ARM.attributes
                0x000003e6       0x2c c:/program files (x86)/cypress/psoc creator/4.1/psoc creator/import/gnu/arm/5.4.1/bin/../lib/gcc/arm-none-eabi/5.4.1/../../../../arm-none-eabi/lib/armv6-m\libg_nano.a(lib_a-impure.o)
 .ARM.attributes
                0x00000412       0x2c c:/program files (x86)/cypress/psoc creator/4.1/psoc creator/import/gnu/arm/5.4.1/bin/../lib/gcc/arm-none-eabi/5.4.1/../../../../arm-none-eabi/lib/armv6-m\libg_nano.a(lib_a-init.o)
 .ARM.attributes
                0x0000043e       0x2c c:/program files (x86)/cypress/psoc creator/4.1/psoc creator/import/gnu/arm/5.4.1/bin/../lib/gcc/arm-none-eabi/5.4.1/../../../../arm-none-eabi/lib/armv6-m\libg_nano.a(lib_a-memset.o)
 .ARM.attributes
                0x0000046a       0x2c c:/program files (x86)/cypress/psoc creator/4.1/psoc creator/import/gnu/arm/5.4.1/bin/../lib/gcc/arm-none-eabi/5.4.1/armv6-m/crtend.o
 .ARM.attributes
                0x00000496       0x1e c:/program files (x86)/cypress/psoc creator/4.1/psoc creator/import/gnu/arm/5.4.1/bin/../lib/gcc/arm-none-eabi/5.4.1/armv6-m/crtn.o

/DISCARD/
 *(.note.GNU-stack)
OUTPUT(C:\Users\micha_000\Documents\GitHub\CypressBLEBadge\RGB_OLED\RGB_LCD.cydsn\CortexM0\ARM_GCC_541\Debug\RGB_LCD.elf elf32-littlearm)
